---
source: tui/src/bottom_pane/chat_composer.rs
expression: terminal.backend()
---
"                                                                                                    "
"› @qu                                                                                               "
"                                                                                                    "
"> @query  Project query specialist                                                            AGENT "
"                                                                                                    "
"                                                                                                    "
"                                                                                                    "
"                                                                                                    "
"  enter insert · esc close · ←/→ switch search modes     [All Results]   Filesystem Only    Plugins "
